[    0.000000] Linux version 4.15.0-64-generic (buildd@lgw01-amd64-038) (gcc version 7.4.0 (Ubuntu 7.4.0-1ubuntu1~18.04.1)) #73-Ubuntu SMP Thu Sep 12 13:16:13 UTC 2019 (Ubuntu 4.15.0-64.73-generic 4.15.18)
[   0.000000] Command line: BOOT_IMAGE=/boot/vmlinuz-4.15.0-64-generic root=UUID=a5eb06e2-8eb1-4232-8570-2cc927993946 ro console=tty1 console=ttyS0
[    0.000000] KERNEL supported cpus:
[    0.000000]   Intel GenuineIntel
[   0.000000]   AMD AuthenticAMD
[   0.000000]   Centaur CentaurHauls
[    0.000000] x86/fpu: Supporting XSAVE feature 0x001: 'x87 floating point registers'
[    0.000000] x86/fpu: Supporting XSAVE feature 0x002: 'SSE registers'
[    0.000000] x86/fpu: Supporting XSAVE feature 0x004: 'AVX registers'
[    0.000000] x86/fpu: xstate_offset[2]:  576, xstate_sizes[2]:  256
[    0.000000] x86/fpu: Enabled xstate features 0x7, context size is 832 bytes, using 'standard' format.
[    0.000000] e820: BIOS-provided physical RAM map:
[    0.000000] BIOS-e820: [mem 0x0000000000000000-0x000000000009fbff] usable
[    0.000000] BIOS-e820: [mem 0x000000000009fc00-0x000000000009ffff] reserved
[    0.000000] BIOS-e820: [mem 0x00000000000f0000-0x00000000000fffff] reserved
[    0.000000] BIOS-e820: [mem 0x0000000000100000-0x000000003ffeffff] usable
[    0.000000] BIOS-e820: [mem 0x000000003fff0000-0x000000003fffffff] ACPI data
[    0.000000] BIOS-e820: [mem 0x00000000fec00000-0x00000000fec00fff] reserved
[    0.000000] BIOS-e820: [mem 0x00000000fee00000-0x00000000fee00fff] reserved
[    0.000000] BIOS-e820: [mem 0x00000000fffc0000-0x00000000ffffffff] reserved
[    0.000000] NX (Execute Disable) protection: active
[    0.000000] SMBIOS 2.5 present.
[    0.000000] DMI: innotek GmbH VirtualBox/VirtualBox, BIOS VirtualBox 12/01/2006
[    0.000000] Hypervisor detected: KVM
[    0.000000] e820: last_pfn = 0x3fff0 max_arch_pfn = 0x400000000
[    0.000000] MTRR: Disabled
[    0.000000] x86/PAT: MTRRs disabled, skipping PAT initialization too.
[    0.000000] CPU MTRRs all blank - virtualized system.
[    0.000000] x86/PAT: Configuration [0-7]: WB  WT  UC- UC  WB  WT  UC- UC  
[    0.000000] found SMP MP-table at [mem 0x0009fff0-0x0009ffff]
[    0.000000] Scanning 1 areas for low memory corruption
[    0.000000] RAMDISK: [mem 0x35981000-0x36cb7fff]
[    0.000000] ACPI: Early table checksum verification disabled
[    0.000000] ACPI: RSDP 0x00000000000E0000 000024 (v02 VBOX  )
[    0.000000] ACPI: XSDT 0x000000003FFF0030 00003C (v01 VBOX   VBOXXSDT 00000001 ASL  00000061)
[    0.000000] ACPI: FACP 0x000000003FFF00F0 0000F4 (v04 VBOX   VBOXFACP 00000001 ASL  0000061)
[  0.000000] ACPI: DSDT 0x000000003FFF0470 0021FF (v02 VBOX   VBOXBIOS 00000002 INTL 20100528)
[    0.000000] ACPI: FACS 0x000000003FFF0200 000040
[    0.000000] ACPI: FACS 0x000000003FFF0200 000040
[    0.000000] ACPI: APIC 0x000000003FFF0240 00005C (v02 VBOX   VBOXAPIC 00000001 ASL  00000061)
[    0.000000] ACPI: SSDT 0x000000003FFF02A0 0001CC (v01 VBOX   VBOXCPUT 00000002 INTL 20100528)
[    0.000000] No NUMA configuration found
[    0.000000] Faking a node at [mem 0x0000000000000000-0x000000003ffeffff]
[    0.000000] NODE_DATA(0) allocated [mem 0x3ffc5000-0x3ffeffff]
[    0.000000] kvm-clock: cpu 0, msr 0:3ff44001, primary cpu clock
[    0.000000] kvm-clock: Using msrs 4b564d01 and 4b564d00
[    0.000000] kvm-clock: using sched offset of 3846994191 cycles
[    0.000000] clocksource: kvm-clock: mask: 0xffffffffffffffff max_cycles: 0x1cd42e4dffb, max_idle_ns: 881590591483 ns
[    0.000000] Zone ranges:
[    0.000000]   DMA      [mem 0x0000000000001000-0x0000000000ffffff]
[    0.000000]   DMA32    [mem 0x0000000001000000-0x000000003ffeffff]
[    0.000000]   Normal   empty
[    0.000000]   Device   empty
[    0.000000] Movable zone start for each node
[    0.000000] Early memory node ranges
[    0.000000]   node   0: [mem 0x0000000000001000-0x000000000009efff]
[    0.000000]   node   0: [mem 0x0000000000100000-0x000000003ffeffff]
[    0.000000] Reserved but unavailable: 98 pages
[    0.000000] Initmem setup node 0 [mem 0x0000000000001000-0x000000003ffeffff]
[    0.000000] ACPI: PM-Timer IO Port: 0x4008
[    0.000000] IOAPIC[0]: apic_id 2, version 32, address 0xfec00000, GSI 0-23
[    0.000000] ACPI: INT_SRC_OVR (bus 0 bus_irq 0 global_irq 2 dfl dfl)
[    0.000000] ACPI: INT_SRC_OVR (bus 0 bus_irq 9 global_irq 9 low level)
[    0.000000] Using ACPI (MADT) for SMP configuration information
[    0.000000] smpboot: Allowing 2 CPUs, 0 hotplug CPUs
[    0.000000] PM: Registered nosave memory: [mem 0x00000000-0x00000fff]
[    0.000000] PM: Registered nosave memory: [mem 0x0009f000-0x0009ffff]
[    0.000000] PM: Registered nosave memory: [mem 0x000a0000-0x000effff]
[    0.000000] PM: Reistered nosave memory: [mem 0x000f0000-0x000fffff]
[    0.000000] e820: [mem 0x40000000-0xfebfffff] available for PCI devices
[    0.000000] Booting paravirtualized kernel on KVM
[    0.000000] clocksource: refined-jiffies: mask: 0xffffffff max_cycles: 0xffffffff, max_idle_ns: 7645519600211568 ns
[    0.000000] random: get_random_bytes called from start_kernel+0x99/0x4fd with crng_init=0
[    0.000000] setup_percpu: NR_CPUS:8192 nr_cpumask_bits:2 nr_cpu_ids:2 nr_node_ids:1
[    0.000000] percpu: Embedded 46 pages/cpu s151552 r8192 d28672 u1048576
[    0.000000] PV qspinlock hash table entries: 256 (order: 0, 4096 bytes)
[    0.000000] Built 1 zonelists, mobility grouping on.  Total pages: 257913
[   0.000000] Policy zone: DMA32
[   0.000000] Kernel command line: BOOT_IMAGE=/boot/vmlinuz-4.15.0-64-generic root=UUID=a5eb06e2-8eb1-4232-8570-2c27993946 ro console=tty1 console=ttyS0
[    0.000000] Memory: 982908K/1048120K available  (12300K kernel code, 2481K rwdata, 4172K rodata, 2436K init, 2384K bss, 65212K reserved, 0K cma-reserved)
[    0.000000] SLUB: HWalign=64, Order=0-3, MinObjects=0, CPUs=2, Nodes=1
[    0.000000] Kernel/User page tables isolation: enabled
[    0.000000] ftrace: allocating 39306 entries in 154 pages
[    0.004000] Hierarchical RCU implementation.
[    0.004000] 	RCU restricting CPUs from NR_CPUS=8192 to nr_cpu_ids=2.
[    0.004000] 	Tasks RCU enabled.
[    0.004000] RCU: Adjusting geometry for rcu_fanout_leaf=16, nr_cpu_ids2
[    0.004000] NR_IRQS: 524544, nr_irqs: 440, preallocated irqs: 16
[    0.004000] Console: colour VGA+ 80x25
[    0.004000] console [tty1] enabled
[    0.004000] console [ttyS0] enabled
[    0.004000] ACPI: Core revision 20170831
[    0.004000] ACPI: 2 ACPI AML tables successfully acquired and loaded
[    0.004000] APIC: Switch to symmetric I/O mode setup
[    0.004000] x2apic enabled
[    0.004000] Switched APIC routing to physical x2apic.
[    0.005668] ..TIMER: vector=0x30 apic1=0 pin1=2 apic2=-1 pin2=-1
[    0.008006] tsc: Detected 2712.000 MHz processor
[    0.009584] Calibrating delay loop (skipped) preset value.. 5424.00 BogoMIPS (lpj=10848000)
[    0.010484] pid_max: default: 32768 minimum: 301
[    0.012059] Security Framework initialized
[    0.016007] Yama: becoming mindful.
[    0.020035] AppArmor: AppArmor initialized
[    0.026008] Dentry cache hash table entries: 131072 (order: 8, 1048576 bytes)
[    0.028108] Inode-cache hash table entries: 65536 (order: 7, 524288 bytes)
[    0.030441] Mount-cache hash table entries: 2048 (order: 2, 16384 bytes)
[    0.032014] Mountpoint-cache hash table entries: 2048 (order: 2, 16384 bytes)
[    0.034485] Last level iTLB entries: 4KB 64, 2MB 8, 4MB 8
[    0.036005] Last level dTLB entries: 4KB 64, 2MB 0, 4MB 0, 1GB 4
[    0.037879] Spectre V1 : Mitigation: usercopy/swapgs barriers and __user pointer sanitization
[    0.040005] Spectre V2 : Mitigation: Full generic retpoline
[    0.042275] Spectre V2 : Spectre v2 / SpectreRSB mitigation: Filling RSB on context switch
[    0.044007] Speculative Store Bypass: Vulnerable
[    0.045498] MDS: Vulnerable: Clear CPU buffers attempted, no microcode
[    0.048282] Freeing SMP alternatives memory: 36K
[    0.056000] smpboot: CPU0: Intel(R) Core(TM) i5-7200U CPU @ 2.50GHz (family: 0x6, model: 0x8e, stepping: 0x9)
[    0.056000] Performance Events: unsupported p6 CPU model 142 no PMU driver, software events only.
[    0.056051] Hierarchical SRCU implementation.
[    0.060648] NMI watchdog: Perf event create on CPU 0 failed with -2
[    0.064003] NMI watchdog: Perf NMI watchdog permanently disabled
[    0.066009] smp: Bringing up secondary CPUs ...
[    0.068088] x86: Booting SMP configuration:
[    0.069248] .... node  #0, CPUs:      #1
[    0.004000] kvm-clock: cpu 1, msr 0:3ff44041, secondary cpu clock
[    0.092024] smp: Brought up 1 node, 2 CPUs
[    0.092925] smpboot: Max logical packages: 1
[    0.093895] smpboot: Total of 2 processors activated (10848.00 BogoMIPS)
[    0.096052] devtmpfs: initialized
[    0.096881] x86/mm: Memory block size: 128MB
[    0.097995] evm: security.selinux
[    0.098798] evm: security.SMACK64
[    0.099550] evm: security.SMACK64EXEC
[    0.100003] evm: security.SMACK64TRANSMUTE
[    0.100966] evm: security.SMACK64MMAP
[    0.101803] evm: security.apparmor
[    0.102651] evm: security.ima
[    0.104004] evm: security.capability
[    0.108124] clocksource: jiffies: mask: 0xffffffff max_cycles: 0xffffffff, max_idle_ns: 7645041785100000 ns
[    0.110194] futex hash table entries: 512 (order: 3, 32768 bytes)
[    0.112027] pinctrl core: initialized pinctrl subsystem
[    0.113292] RTC time:  6:15:13, date: 09/22/19
[    0.116031] NET: Registered protocol family 16
[    0.117213] audit: initializing netlink subsys (disabled)
[    0.118449] audit: type=2000 audit(1569132918.170:1): state=initialized audit_enabled=0 res=1
[    0.120011] cpuidle: using governor ladder
[    0.120960] cpuidle: using governor menu
[    0.121901] ACPI: bus type PCI registered
[    0.124005] acpiphp: ACPI Hot Plug PCI Controller Driver version: 0.5
[    0.125526] PCI: Using configuration type 1 for base access
[    0.129008] HugeTLB registered 2.00 MiB page size, pre-allocated 0 pages
[    0.129443] ACPI: Added _OSI(Module Device)
[    0.132007] ACPI: Added _OSI(Processor Device)
[    0.133082] ACPI: Added _OSI(3.0 _SCP Extensions)
[    0.134048] ACPI: Added _OSI(Processor Aggregator Device)
[    0.135140] ACPI: Added _OSI(Linux-Dell-Video)
[    0.136004] ACPI: Added _OSI(Linux-Lenovo-NV-HDMI-Audio)
[    0.137104] ACPI: Added _OSI(Linux-HPI-Hybrid-Graphics)
[    0.138612] ACPI: Executed 1 blocks of module-level executable AML code
[    0.144904] ACPI: Interpreter enabled
[    0.148020] ACPI: (supports S0 S5)
[    0.152004] ACPI: Using IOAPIC for interrupt routing
[    0.156336] PCI: Using host bridge windows from ACPI; if necessary, use "pci=nocrs" and report a bug
[    0.160235] ACPI: Enabled 2 GPEs in block 00 to 07
[    0.174731] ACPI: PCI Root Bridge [PCI0] (domain 0000 [bus 00-ff])
[    0.176013] acpi PNP0A03:00: _OSC: OS supports [ASPM ClockPM Segments MSI]
[    0.180043] acpi PNP0A03:00: _OSC: not requesting OS control; OS requires [ExtendedConfig ASPM ClockPM MSI]
[    0.182025] acpi PNP0A03:00: fail to add MMCONFIG information, can't access extended PCI configuration space under this bridge.
[    0.184415] PCI host bridge to bus 0000:00
[    0.185403] pci_bus 0000:00: root bus resource [io  0x0000-0x0cf7 window]
[    0.188007] pci_bus 0000:00: root bus resource [io  0x0d00-0xffff window]
[    0.192003] pci_bus 0000:00: root bus resource [mem 0x000a0000-0x000bffff window]
[    0.193591] pci_bus 0000:00: root bus resource [mem 0x40000000-0xfdffffff window]
[    0.195199] pci_bus 0000:00: root bus resource [bus 00-ff]
[    0.198331] pci 0000:00:01.1: legacy IDE quirk: reg 0x10: [io  0x01f0-0x01f7]
[    0.200004] pci 0000:00:01.1: legacy IDE quirk: reg 0x14: [io  0x03f6]
[    0.201285] pci 0000:00:01.1: legacy IDE quirk: reg 0x18: [io  0x0170-0x0177]
[    0.202712] pci 0000:00:01.1: legacy IDE quirk: reg 0x1c: [io  0x0376]
[    0.222563] pci 0000:00:07.0: quirk: [io  0x4000-0x403f] claimed by PIIX4 ACPI
[    0.224023] pci 0000:00:07.0: quirk: [io  0x4100-0x410f] claimed by PIIX4 SMB
[    0.240110] ACPI: PCI Interrupt Link [LNKA] (IRQs 5 9 10 *11)
[    0.241803] ACPI: PCI Interrupt Link [LNKB] (IRQs 5 9 *10 11)
[    0.243360] ACPI: PCI Interrupt Link [LNKC] (IRQs 5 *9 10 11)
[    0.244179] ACPI: PCI Interrupt Link [LNKD] (IRQs 5 9 10 *11)
[    0.245811] SCSI subsystem initialized
[    0.248044] pci 0000:00:02.0: vgaarb: setting as boot VGA device
[    0.249273] pci 0000:00:02.0: vgaarb: VGA device added: decodes=io+mem,owns=io+mem,locks=none
[    0.252005] pci 0000:00:02.0: vgaarb: bridge control possible
[    0.253185] vgaarb: loaded
[    0.256038] ACPI: bus type USB registered
[    0.256959] usbcore: registered new interface driver usbfs
[    0.258070] usbcore: registered new interface driver hub
[    0.259247] usbcore: registered new device driver usb
[    0.260056] EDAC MC: Ver: 3.0.0
[    0.260989] PCI: Using ACPI for IRQ routing
[    0.261238] NetLabel: Initializing
[    0.264003] NetLabel:  domain hash size = 128
[    0.264944] NetLabel:  protocols = UNLABELED CIPSOv4 CALIPSO
[    0.266087] NetLabel:  unlabeled traffic allowed by default
[    0.268120] clocksource: Switched to clocksource kvm-clock
[    0.290831] VFS: Disk quotas dquot_6.6.0
[  092048] VF Dqu-che hash table entries: 512 (oder 0, 4096 bytes)
[  084977] AppArmor: AppArmor Filesystem Enabled
[  0921]np: PnP ACPI init

[    0.906594] pnp: PnP ACPI: found 3 devices
[    0.919208] clocksource: acpi_pm: mask: 0xffffff max_cycles: 0xffffff, max_idle_ns: 2085701024 ns
[    0.922008] NET: Registered protocol family 2
[    0.925746] TCP established hash table entries: 8192 (order: 4, 65536 bytes)
[    0.927693] TCP bind hash table entries: 8192 (order: 5, 131072 bytes)
[    0.929538] TCP: Hash tables configured (established 8192 bind 8192)
[    0.931326] UDP hash table entries: 512 (order: 2, 16384 bytes)
[    0.933187] UDP-Lite hash table entries: 512 (order: 2, 16384 bytes)
[    0.935310] NET: Registered protocol family 1
[    0.936740] pci 0000:00:00.0: Limiting direct PCI/PCI transfers
[    0.938436] pci 0000:00:01.0: Activating ISA DMA hang workarounds
[    0.940262] pci 0000:00:02.0: Video device with shadowed ROM at [mem 0x000c0000-0x000dffff]
[    0.942750] Unpacking initramfs...
[    1.274272] Freeing initrd memory: 19676K
[    1.297015] clocksource: tsc: mask: 0xffffffffffffffff max_cycles: 0x2717868ea45, max_idle_ns: 440795316085 ns
[    1.299080] platform rtc_cmos: registered platform RTC device (no PNP device found)
[    1.300758] Scanning for low memory corruption every 60 seconds
[    1.302727] Initialise system trusted keyrings
[    1.303801] Key type blacklist registered
[    1.311573] workingset: timestamp_bits=36 max_order=18 bucket_order=0
[    1.314100] zbud: loaded
[    1.315354] squashfs: version 4.0 (2009/01/31) Phillip Lougher
[    1.316954] fuse init (API version 7.26)
[    1.321405] Key type asymmetric registered
[    1.322359] Asymmetric key parser 'x509' registered
[    1.323471] Block layer SCSI generic (bsg) driver version 0.4 loaded (major 246)
[    1.325279] io scheduler noop registered
[    1.326124] io scheduler deadline registered
[    1.327083] io scheduler cfq registered (default)
[    1.328443] ACPI: AC Adapter [AC] (on-line)
[    1.329423] input: Power Button as /devices/LNXSYSTM:00/LNXPWRBN:00/input/input0
[    1.331316] ACPI: Power Button [PWRF]
[    1.332257] input: Sleep Button as /devices/LNXSYSTM:00/LNXSLPBN:00/input/input1
[    1.333839] ACPI: Sleep Button [SLPF]
[    1.335813] ACPI: Battery Slot [BAT0] (battery present)
[    1.337155] Serial: 8250/16550 driver, 32 ports, IRQ sharing enabled
[    1.361817] 00:02: ttyS0 at I/O 0x3f8 (irq = 4, base_baud = 115200) is a 16550A
[    1.374625] Linux agpgart interface v0.103
[    1.379482] loop: module loaded
[    1.381083] scsi host0: ata_piix
[    1.382069] scsi host1: ata_piix
[    1.382823] ata1: PATA max UDMA/33 cmd 0x1f0 ctl 0x3f6 bmdma 0xd000 irq 14
[    1.384171] ata2: PATA max UDMA/33 cmd 0x170 ctl 0x376 bmdma 0xd008 irq 15
[    1.386022] libphy: Fixed MDIO Bus: probed
[    1.387024] tun: Universal TUN/TAP device driver, 1.6
[    1.396128] PPP generic driver version 2.4.2
[    1.423661] ehci_hcd: USB 2.0 'Enhanced' Host Controller (EHCI) Driver
[    1.431593] ehci-pci: EHCI PCI platform driver
[    1.439012] ehci-platform: EHCI generic platform driver
[    1.453301] ohci_hcd: USB 1.1 'Open' Host Controller (OHCI) Driver
[    1.461228] ohci-pci: OHCI PCI platform driver
[    1.468626] ohci-platform: OHCI generic platform driver
[    1.469738] uhci_hcd: USB Universal Host Controller Interface driver
[    1.471085] i8042: PNP: PS/2 Controller [PNP0303:PS2K,PNP0f03:PS2M] at 0x60,0x64 irq 1,12
[    1.473369] serio: i8042 KBD port at 0x60,0x64 irq 1
[    1.474620] serio: i8042 AUX port at 0x60,0x64 irq 12
[    1.476044] mousedev: PS/2 mouse device common for all mice
[    1.484470] input: AT Translated Set 2 keyboard as /devices/platform/i8042/serio0/input/input2
[    1.488162] rtc_cmos rtc_cmos: rtc core: registered rtc_cmos as rtc0
[    1.494536] rtc_cmos rtc_cmos: alarms up to one day, 114 bytes nvram
[    1.496445] i2c /dev entries driver
[    1.499627] device-mapper: uevent: version 1.0.3
[    1.501008] device-mapper: ioctl: 4.37.0-ioctl (2017-09-20) initialised: dm-devel@redhat.com
[    1.541315] ledtrig-cpu: registered to indicate activity on CPUs
[    1.566226] NET: Registered protocol family 10
[    1.571528] Segment Routing with IPv6
[    1.572655] NET: Registered protocol family 17
[    1.573733] Key type dns_resolver registered
[    1.574985] mce: Using 0 MCE banks
[    1.575828] RAS: Correctable Errors collector initialized.
[    1.577003] sched_clock: Marking stable (1576985800, 0)->(2507436898, -930451098)
[    1.579223] registered taskstats version 1
[    1.622261] Loading compiled-in X.509 certificates
[    1.631431] Loaded X.509 cert 'Build time autogenerated kernel key: 9ff85db0b1f72c0c954e4d2eaca5a9366845820b'
[    1.640686] zswap: loaded using pool lzo/zbud
[    1.645830] Key type big_key registered
[    1.646876] Key type trusted registered
[    1.649758] Key type encrypted registered
[    1.672197] AppArmor: AppArmor sha1 policy hashing enabled
[    1.681327] ima: No TPM chip found, activating TPM-bypass! (rc=-19)
[    1.690840] ima: Allocated hash algorithm: sha1
[    1.691887] evm: HMAC attrs: 0x1
[    1.693039]   Magic number: 3:27:267
[    1.693957] rtc_cmos rtc_cmos: setting system clock to 2019-09-22 06:15:15 UTC (1569132915)
[    1.695884] BIOS EDD facility v0.16 2004-Jun-25, 0 devices found
[    1.706095] EDD information not available.
[    1.716245] Freeing unused kernel image memory: 2436K
[    1.757753] Write protecting the kernel read-only data: 20480k
[    1.766529] Freeing unused kernel image memory: 2008K
[    1.768579] Freeing unused kernel image memory: 1972K
[    1.780862] x86/mm: Checked W+X mappings: passed, no W+X pages found.
[    1.782873] x86/mm: Checking user space page tables
[    1.792560] x86/mm: Checked W+X mappings: passed, no W+X pages found.
Loading, please wait...
starting version 237
[    1.907817] e1000: Intel(R) PRO/1000 Network Driver - version 7.3.21-k8-NAPI
[    1.918935] e1000: Copyright (c) 1999-2006 Intel Corporation.
[    1.940576] Fusion MPT base driver 3.04.20
[    1.942239] Copyright (c) 1999-2008 LSI Corporation
[    1.960791] AVX2 version of gcm_enc/dec engaged.
[    1.968458] AES CTR mode by8 optimization enabled
[    1.982285] Fusion MPT SPI Host driver 3.04.20
[    2.166535] input: ImExPS/2 Generic Explorer Mouse as /devices/platform/i8042/serio1/input/input4
[    2.469808] e1000 0000:00:03.0 eth0: (PCI:33MHz:32-bit) 02:26:45:5c:bc:af
[    2.471403] e1000 0000:00:03.0 eth0: Intel(R) PRO/1000 Network Connection
[    2.890325] e1000 0000:00:08.0 eth1: (PCI:33MHz:32-bit) 08:00:27:83:33:84
[    2.905680] e1000 0000:00:08.0 eth1: Intel(R) PRO/1000 Network Connection
[    2.923655] e1000 0000:00:03.0 enp0s3: renamed from eth0
[    2.932977] mptbase: ioc0: Initiating bringup
[    2.949699] e1000 0000:00:08.0 enp0s8: renamed from eth1
[    3.032893] ioc0: LSI53C1030 A0: Capabilities={Initiator}
[    3.298346] scsi host2: ioc0: LSI53C1030 A0, FwRev=00000000h, Ports=1, MaxQ=256, IRQ=20
[    3.469250] scsi 2:0:0:0: Direct-Access     VBOX     HARDDISK         1.0  PQ: 0 ANSI: 5
[    3.500678] scsi target2:0:0: Beginning Domain Validation
[    3.510549] scsi target2:0:0: Domain Validation skipping write tests
[    3.511959] scsi target2:0:0: Ending Domain Validation
[    3.513271] scsi target2:0:0: asynchronous
[    3.514933] scsi 2:0:1:0: Direct-Access     VBOX     HARDDISK         1.0  PQ: 0 ANSI: 5
[    3.548329] scsi target2:0:1: Beginning Domain Validation
[    3.569012] random: fast init done
[    3.727232] scsi target2:0:1: Domain Validation skipping write tests
[    3.728576] scsi target2:0:1: Ending Domain Validation
[    3.729702] scsi target2:0:1: asynchronous
[    3.735549] random: systemd-udevd: uninitialized urandom read (16 bytes read)
[    3.737116] random: systemd-udevd: uninitialized urandom read (16 bytes read)
[    3.738571] random: systemd-udevd: uninitialized urandom read (16 bytes read)
[    3.740108] sd 2:0:0:0: Attached scsi generic sg0 type 0
[    3.741292] sd 2:0:0:0: [sda] 20971520 512-byte logical blocks: (10.7 GB/10.0 GiB)
[    3.743056] sd 2:0:0:0: [sda] Write Protect is off
[    3.744701] sd 2:0:0:0: [sda] Incomplete mode parameter data
[    3.746442] sd 2:0:0:0: [sda] Assuming drive cache: write through
[    3.748567] sd 2:0:1:0: Attached scsi generic sg1 type 0
[    3.750317] sd 2:0:1:0: [sdb] 20480 512-byte logical blocks: (10.5 MB/10.0 MiB)
[    3.752947] sd 2:0:1:0: [sdb] Write Protect is off
[    3.755919] sd 2:0:1:0: [sdb] Incomplete mode parameter data
[    3.757776] sd 2:0:1:0: [sdb] Assuming drive cache: write through
[    3.761029]  sda: sda1
[    3.762846] sd 2:0:0:0: [sda] Attached SCSI disk
[    3.765841] sd 2:0:1:0: [sdb] Attached SCSI disk
Begin: Loading essential drivers ... [    5.396228] raid6: sse2x1   gen() 10113 MB/s
[    5.504047] raid6: sse2x1   xor()  7426 MB/s
[    5.552395] raid6: sse2x2   gen()  9161 MB/s
[    5.600164] raid6: sse2x2   xor()  5350 MB/s
[    5.648545] raid6: sse2x4   gen() 10380 MB/s
[    5.696334] raid6: sse2x4   xor()  7012 MB/s
[    5.744168] raid6: avx2x1   gen() 15260 MB/s
[    5.792472] raid6: avx2x1   xor() 13224 MB/s
[    5.840258] raid6: avx2x2   gen() 25724 MB/s
[    5.888107] raid6: avx2x2   xor() 15961 MB/s
[    5.944250] raid6: avx2x4   gen() 28624 MB/s
[    5.992509] raid6: avx2x4   xor() 17853 MB/s
[    6.009031] raid6: using algorithm avx2x4 gen() 28624 MB/s
[    6.044799] raid6: .... xor() 17853 MB/s, rmw enabled
[    6.066270] raid6: using avx2x2 recovery algorithm
[    6.081788] xor: automatically using best checksumming function   avx       
[    6.097737] async_tx: api initialized (async)
done.
Begin: Running /scripts/init-premount ... done.
Begin: Mounting root file system ... Begin: Running /scripts/local-top ... done.
Begin: Running /scripts/local-premount ... [    6.146320] Btrfs loaded, crc32c=crc32c-intel
Scanning for Btrfs filesystems
done.
Warning: fsck no[    6.183421] EXT4-fs (sda1): mounted filesystem with ordered data mode. Opts: (null)
t present, so skipping root file system
done.
Begin: Running /scripts/local-bottom ... done.
Begin: Running /scripts/init-bottom ... done.
[    6.440308] ip_tables: (C) 2000-2006 Netfilter Core Team
[    6.450431] systemd[1]: systemd 237 running in system mode. (+PAM +AUDIT +SELINUX +IMA +APPARMOR +SMACK +SYSVINIT +UTMP +LIBCRYPTSETUP +GCRYPT +GNUTLS +ACL +XZ +LZ4 +SECCOMP +BLKID +ELFUTILS +KMOD -IDN2 +IDN -PCRE2 default-hierarchy=hybrid)
[    6.454770] systemd[1]: Detected virtualization oracle.
[    6.455912] systemd[1]: Detected architecture x86-64.

Welcome to [1mUbuntu 18.04.2 LTS[0m!

[    6.486485] systemd[1]: Set hostname to <ubuntu-bionic>.
[    6.887586] systemd[1]: Reached target Swap.
[[0;32m  OK  [0m] Reached target Swap.
[    6.890134] systemd[1]: Reached target System Time Synchronized.
[[0;32m  OK  [0m] Reached target System Time Synchronized.
[    6.893384] systemd[1]: Set up automount Arbitrary Executable File Formats File System Automount Point.
[[0;32m  OK  [0m] Set up automount Arbitrary Executabâ€¦rmats File System Automount Point.
[    6.898861] systemd[1]: Started Forward Password Requests to Wall Directory Watch.
[[0;32m  OK  [0m] Started Forward Password Requests to Wall Directory Watch.
[    6.902051] systemd[1]: Reached target User and Group Name Lookups.
[[0;32m  OK  [0m] Reached target User and Group Name Lookups.
[    6.906245] systemd[1]: Created slice System Slice.
[[0;32m  OK  [0m] Created slice System Slice.
[[0;32m  OK  [0m] Listening on Network Service Netlink Socket.
[[0;32m  OK  [0m] Listening on udev Kernel Socket.
[[0;32m  OK  [0m] Listening on Journal Socket.
         Mounting Kernel Debug File System...
         Starting Remount Root and Kernel File Systems...
         Mounting POSIX Message Queue File System...
         Starting Uncomplicated firewall...
         Mounting Huge Pages File System...
         Starting Set the console keyboard layout...
[[0;32m  OK  [0m] Listening on LVM2 metadata daemon socket.
[    6.941200] EXT4-fs (sda1): re-mounted. Opts: (null)
[[0;32m  OK  [0m] Listening on /dev/initctl Compatibility Named Pipe.
[[0;32m  OK  [0m] Listening on Device-mapper event daemon FIFOs.
         Starting Monitoring of LVM2 mirrorsâ€¦ng dmeventd or progress polling...
[[0;32m  OK  [0m] Listening on Journal Audit Socket.
         Starting Create list of required stâ€¦ce nodes for the current kernel...
         Starting Load Kernel Modules...
[[0;32m  OK  [0m] Listening on udev Control Socket.
         Starting udev Coldplug all Devices...
[[0;32m  OK  [0m] Listening on Syslog Socket.
[[0;32m  OK  [0m] Listening on Journal Socket (/dev/log).
         Starting Journal Service...
[[0;32m  OK  [0m] Listening on LVM2 poll daemon socket.
[[0;32m  OK  [0m] Created slice system-serial\x2dgetty.slice.
[[0;32m  OK  [0m] Created slic[    7.046942] Loading iSCSI transport class v2.0-870.
e User and Session Slice.
[[0;32m  OK  [0m] Reached target Slices.
[    7.096760] iscsi: registered transport (tcp)
[[0;32m  OK  [0m] Mounted Kernel Debug File System.
[[0;32m  OK  [0m] Started Remount Root and Kernel File Systems.
[[0;32m  OK  [0m] Mounted POSIX Message Queue File System.
[    7.162477] iscsi: registered transport (iser)
[[0;32m  OK  [0m] Started Journal Service.
[[0;32m  OK  [0m] Started Uncomplicated firewall.
[[0;32m  OK  [0m] Mounted Huge Pages File System.
[[0;32m  OK  [0m] Started Set the console keyboard layout.
[[0;32m  OK  [0m] Started Create list of required staâ€¦vice nodes for the current kernel.
[[0;32m  OK  [0m] Started Load Kernel Modules.
[[0;32m  OK  [0m] Started LVM2 metadata daemon.
         Mounting FUSE Control File System...
         Mounting Kernel Configuration File System...
         Starting Apply Kernel Variables...
         Starting Create Static Device Nodes in /dev...
         Starting Flush Journal to Persistent Storage...
         Starting Load/Save Random Seed...
[[0;32m  OK  [0m] Started udev Coldplug all Devices.
[[0;32m  OK  [0m] Mounted FUSE Control File System.
[[0;32m  OK  [0m] Mounted Kernel Configuration File System.
[[0;32m  OK  [0m] Started Create Static Device Nodes in /dev.
         Starting udev Kernel Device Manager...
[[0;32m  OK  [0m] Started Load/Save Random Seed.
[[0;32m  OK  [0m] Started Monitoring of LVM2 mirrors,â€¦sing dmeventd or progress polling.
[[0;32m  OK  [0m] Started Apply Kernel Variables.
[[0;32m  OK  [0m] Reached target Local File Systems (Pre).
[[0;32m  OK  [0m] Reached target Local File Systems.
         Starting AppArmor initialization...
         Starting Set console font and keymap...
         Starting ebtables ruleset management...
         Starting Tell Plymouth To Write Out Runtime Data...
[[0;32m  OK  [0m] Started Set console font and keymap.
[[0;32m  OK  [0m] Started Tell Plymouth To Write Out Runtime Data.
[[0;32m  OK  [0m] Started udev Kernel Device Manager.
[[0;32m  OK  [0m] Started Dispatch Password Requests to Console Directory Watch.
[[0;32m  OK  [0m] Reached target Local Encrypted Volumes.
[[0;32m  OK  [0m] Started Flush Journal to Persistent Storage.
[[0;32m  OK  [0m] Started ebtables ruleset management.
         Starting Create Volatile Files and Directories...
[[0;32m  OK  [0m] Started Create Volatile Files and Directories.
         Starting Update UTMP about System Boot/Shutdown...
[[0;32m  OK  [0m] Started Update UTMP about System Boot/Shutdown.
[[0;32m  OK  [0m] Started AppArmor initialization.
         Starting Initial cloud-init job (pre-networking)...
[[0;32m  OK  [0m] Found device /dev/ttyS0.
[[0;32m  OK  [0m] Listening on Load/Save RF Kill Switch Status /dev/rfkill Watch.
[    9.389355] cloud-init[510]: Cloud-init v. 19.1-1-gbaa47854-0ubuntu1~18.04.1 running 'init-local' at Sun, 22 Sep 2019 06:15:22 +0000. Up 9.10 seconds.
[[0;32m  OK  [0m] Started Initial cloud-init job (pre-networking).
[[0;32m  OK  [0m] Reached target Network (Pre).
         Starting Network Service...
[[0;32m  OK  [0m] Started Network Service.
         Starting Network Name Resolution...
         Starting Wait for Network to be Configured...
[[0;32m  OK  [0m] Started Network Name Resolution.
[[0;32m  OK  [0m] Reached target Network.
[[0;32m  OK  [0m] Reached target Host and Network Name Lookups.
[[0;32m  OK  [0m] Started Wait for Network to be Configured.
         Starting Initial cloud-init job (metadata service crawler)...
[   12.346330] cloud-init[723]: Cloud-init v. 19.1-1-gbaa47854-0ubuntu1~18.04.1 running 'init' at Sun, 22 Sep 2019 06:15:25 +0000. Up 12.06 seconds.
[   12.349150] cloud-init[723]: ci-info: ++++++++++++++++++++++++++++++++++++++Net device info+++++++++++++++++++++++++++++++++++++++
[   12.357677] cloud-init[723]: ci-info: +--------+------+-----------------------------+---------------+--------+-------------------+
[   12.360583] cloud-init[723]: ci-info: | Device |  Up  |           Address           |      Mask     | Scope  |     Hw-Address    |
[   12.363265] cloud-init[723]: ci-info: +--------+------+-----------------------------+---------------+--------+-------------------+
[   12.365884] cloud-init[723]: ci-info: | enp0s3 | True |          10.0.2.15          | 255.255.255.0 | global | 02:26:45:5c:bc:af |
[   12.368403] cloud-init[723]: ci-info: | enp0s3 | True |  fe80::26:45ff:fe5c:bcaf/64 |       .       |  link  | 02:26:45:5c:bc:af |
[   12.370966] cloud-init[723]: ci-info: | enp0s8 | True |        192.168.33.10        | 255.255.255.0 | global | 08:00:27:83:33:84 |
[   12.373658] cloud-init[723]: ci-info: | enp0s8 | True | fe80::a00:27ff:fe83:3384/64 |       .       |  link  | 08:00:27:83:33:84 |
[   12.376304] cloud-init[723]: ci-info: |   lo   | True |          127.0.0.1          |   255.0.0.0   |  host  |         .         |
[   12.378911] cloud-init[723]: ci-info: |   lo   | True |           ::1/128           |       .       |  host  |         .         |
[   12.381012] cloud-init[723]: ci-info: +--------+------+-----------------------------+---------------+--------+-------------------+
[   12.382989] cloud-init[723]: ci-info: +++++++++++++++++++++++++++++Route IPv4 info+++++++++++++++++++++++++++++
[   12.385010] cloud-init[723]: ci-info: +-------+--------------+----------+-----------------+-----------+-------+
[   12.387332] cloud-init[723]: ci-info: | Route | Destination  | Gateway  |     Genmask     | Interface | Flags |
[   12.389727] cloud-init[723]: ci-info: +-------+--------------+----------+-----------------+-----------+-------+
[   12.391781] cloud-init[723]: ci-info: |   0   |   0.0.0.0    | 10.0.2.2 |     0.0.0.0     |   enp0s3  |   UG  |
[   12.393742] cloud-init[723]: ci-info: |   1   |   10.0.2.0   | 0.0.0.0  |  255.255.255.0  |   enp0s3  |   U   |
[   12.395716] cloud-init[723]: ci-info: |   2   |   10.0.2.2   | 0.0.0.0  | 255.255.255.255 |   enp0s3  |   UH  |
[   12.398318] cloud-init[723]: ci-info: |   3   | 192.168.33.0 | 0.0.0.0  |  255.255.255.0  |   enp0s8  |   U   |
[   12.400699] cloud-init[723]: ci-info: +-------+--------------+----------+-----------------+-----------+-------+
[   12.403032] cloud-init[723]: ci-info: +++++++++++++++++++Route IPv6 info+++++++++++++++++++
[   12.404955] cloud-init[723]: ci-info: +-------+-------------+---------+-----------+-------+
[   12.406919] cloud-init[723]: ci-info: | Route | Destination | Gateway | Interface | Flags |
[   12.408783] cloud-init[723]: ci-info: +-------+-------------+---------+-----------+-------+
[   12.410364] cloud-init[723]: ci-info: |   1   |  fe80::/64  |    ::   |   enp0s3  |   U   |
[   12.413785] cloud-init[723]: ci-info: |   2   |  fe80::/64  |    ::   |   enp0s8  |   U   |
[   12.415456] cloud-init[723]: ci-info: |   4   |    local    |    ::   |   enp0s3  |   U   |
[   12.417279] cloud-init[723]: ci-info: |   5   |    local    |    ::   |   enp0s8  |   U   |
[   12.418976] cloud-init[723]: ci-info: |   6   |   ff00::/8  |    ::   |   enp0s3  |   U   |
[   12.420906] cloud-init[723]: ci-info: |   7   |   ff00::/8  |    ::   |   enp0s8  |   U   |
[   12.422813] cloud-init[723]: ci-info: +-------+-------------+---------+-----------+-------+
[[0;32m  OK  [0m] Started Initial cloud-init job (metadata service crawler).
[[0;32m  OK  [0m] Reached target Cloud-config availability.
[[0;32m  OK  [0m] Reached target System Initialization.
[[0;32m  OK  [0m] Started Daily Cleanup of Temporary Directories.
[[0;32m  OK  [0m] Listening on UUID daemon activation socket.
[[0;32m  OK  [0m] Started Message of the Day.
[[0;32m  OK  [0m] Listening on ACPID Listen Socket.
[[0;32m  OK  [0m] Started Daily apt download activities.
         Starting Socket activation for snappy daemon.
[[0;32m  OK  [0m] Listening on Open-iSCSI iscsid Socket.
[[0;32m  OK  [0m] Started ACPI Events Check.
         Starting LXD - unix socket.
[[0;32m  OK  [0m] Reached target Paths.
[[0;32m  OK  [0m] Listening on D-Bus System Message Bus Socket.
[[0;32m  OK  [0m] Started Discard unused blocks once a week.
[[0;32m  OK  [0m] Started Daily apt upgrade and clean activities.
[[0;32m  OK  [0m] Reached target Timers.
[[0;32m  OK  [0m] Reached target Network is Online.
         Starting Availability of block devices...
[[0;32m  OK  [0m] Reached target Remote File Systems (Pre).
[[0;32m  OK  [0m] Reached target Remote File Systems.
[[0;32m  OK  [0m] Listening on Socket activation for snappy daemon.
[[0;32m  OK  [0m] Listening on LXD - unix socket.
[[0;32m  OK  [0m] Started Availability of block devices.
[[0;32m  OK  [0m] Reached target Sockets.
[[0;32m  OK  [0m] Reached target Basic System.
         Starting Login Service...
         Starting Dispatcher daemon for systemd-networkd...
[[0;32m  OK  [0m] Started FUSE filesystem for LXC.
         Starting LSB: Record successful boot for GRUB...
         Starting OpenBSD Secure Shell server...
         Starting LSB: automatic crash report generation...
[[0;32m  OK  [0m] Started irqbalance daemon.
         Starting System Logging Service...
         Starting Permit User Sessions...
         Starting Accounts Service...
         Starting Snappy daemon...
         Starting vboxadd.service...
[[0;32m  OK  [0m] Started D-Bus System Message Bus.
[[0;32m  OK  [0m] Started Login Service.
[[0;32m  OK  [0m] Started Unattended Upgrades Shutdown.
[[0;32m  OK  [0m] Started Deferred execution scheduler.
         Starting LXD - container startup/shutdown...
[[0;32m  OK  [0m] Started Regular background program processing daemon.
[[0;32m  OK  [0m] Started System Logging Service.
[[0;32m  OK  [0m] Started Permit User Sessions.
         Starting Terminate Plymouth Boot Screen...
         Starting Hold until boot process finishes up...
[[0;32m  OK  [0m] Started OpenBSD Secure Shell server.
[[0;32m  OK  [0m] Started Hold until boot process finishes up.
[[0;32m  OK  [0m] Started Terminate Plymouth Boot Screen.
         Starting Set console scheme...
[[0;32m  OK  [0m] Started Serial Getty on ttyS0.
[[0;32m  OK  [0m] Started Dispatcher daemon for systemd-networkd.
[[0;32m  OK  [0m] Started Set console scheme.
[[0;32m  OK  [0m] Started LSB: automatic crash report generation.
[[0;32m  OK  [0m] Created slice system-getty.slice.
[[0;32m  OK  [0m] Started Getty on tty1.
[[0;32m  OK  [0m] Reached target Login Prompts.
         Starting Authorization Manager...
[[0;32m  OK  [0m] Started LSB: Record successful boot for GRUB.
[[0;32m  OK  [0m] Started Authorization Manager.
[[0;32m  OK  [0m] Started Accounts Service.
[[0;32m  OK  [0m] Started Snappy daemon.
         Starting Wait until snapd is fully seeded...
[[0;32m  OK  [0m] Started LXD - container startup/shutdown.
[[0;32m  OK  [0m] Started Wait until snapd is fully seeded.
         Starting Apply the settings specified in cloud-config...
[[0;32m  OK  [0m] Created slice User Slice of vagrant.
         Starting User Manager for UID 1000...
[[0;32m  OK  [0m] Started Session 1 of user vagrant.
[[0;32m  OK  [0m] Started User Manager for UID 1000.
[   15.064959] cloud-init[1114]: Cloud-init v. 19.1-1-gbaa47854-0ubuntu1~18.04.1 running 'modules:config' at Sun, 22 Sep 2019 06:15:28 +0000. Up 14.84 seconds.
[[0;32m  OK  [0m] Started Apply the settings specified in cloud-config.
[[0;32m  OK  [0m] Started vboxadd.service.
         Starting vboxadd-service.service...
[[0;32m  OK  [0m] Started vboxadd-service.service.
[[0;32m  OK  [0m] Reached target Multi-User System.
         Starting Execute cloud user/final scripts...
[[0;32m  OK  [0m] Reached target Graphical Interface.
         Starting Update UTMP about System Runlevel Changes...
[[0;32m  OK  [0m] Started Update UTMP about System Runlevel Changes.
[   16.268545] cloud-init[1286]: Cloud-init v. 19.1-1-gbaa47854-0ubuntu1~18.04.1 running 'modules:final' at Sun, 22 Sep 2019 06:15:29 +0000. Up 16.08 seconds.
[   16.284927] cloud-init[1286]: Cloud-init v. 19.1-1-gbaa47854-0ubuntu1~18.04.1 finished at Sun, 22 Sep 2019 06:15:30 +0000. Datasource DataSourceNoCloud [seed=/dev/sdb][dsmode=net].  Up 16.25 seconds
[[0;32m  OK  [0m] Started Execute cloud user/final scripts.
[[0;32m  OK  [0m] Reached target Cloud-init target.

Ubuntu 18.04.2 LTS ubuntu-bionic ttyS0

ubuntu-bionic login: [[0;32m  OK  [0m] Stopped target Host and Network Name Lookups.
[[0;32m  OK  [0m] Stopped target Cloud-init target.
[[0;32m  OK  [0m] Stopped Execute cloud user/final scripts.
[[0;32m  OK  [0m] Stopped Apply the settings specified in cloud-confi         Stopping Serial Getty on ttyS0...
         Stopping D-Bus System Message Bus...
         Stopping irqbalance daemon...
         Stopping vboxadd-service.service...
         Stopping FUSE filesystem for LXC...
         Stopping OpenBSD Secure Shell server...
         Stopping Dispatcher daemon for systemd-networkd...
         Stopping Unattended Upgrades Shutdown...
         Stopping LSB: Record successful boot for GRUB...
         Stopping System Logging Service...
         Stopping LSB: automatic crash report generation...
[[0;32m  OK  [0m] Unmounted /var/lib/lxcfs.
[[0;32m  OK  [0m] Stopped Dispatcher daemon for systemd-networkd.
[[0;32m  OK  [0m] Stopped irqbalance daemon.
[[0;32m  OK  [0m] Stopped System Logging Service.
[[0;32m  OK  [0m] Stopped Accounts Service.
[[0;32m  OK  [0m] Stopped Unattended Upgrades Shutdown.
[[0;32m  OK  [0m] Stopped Deferred execution scheduler.
[[0;32m  OK  [0m] Stopped Regular background program processing daemon.
[[0;32m  OK  [0m] Stopped OpenBSD Secure Shell server.
[[0;32m  OK  [0m] Stopped Serial Getty on ttyS0.
[[0;32m  OK  [0m] Stopped Getty on tty1.
[[0;32m  OK  [0m] Stopped Authorization Manager.
[[0;32m  OK  [0m] Stopped User Manager for UID 1000.
[[0;32m  OK  [0m] Stopped Availability of block devices.
[[0;32m  OK  [0m] Stopped D-Bus System Message Bus.
[[0;32m  OK  [0m] Stopped FUSE filesystem for LXC.
[[0;32m  OK  [0m] Stopped Session 14 of user vagrant.
[[0;32m  OK  [0m] Removed slice User Slice of vagrant.
[[0;32m  OK  [0m] Removed slice system-getty.slice.
         Stopping Permit User Sessions...
[[0;32m  OK  [0m] Removed slice system-serial\x2dgetty.slice.
         Stopping Login Service...
[[0;32m  OK  [0m] Stopped Permit User Sessions.
[[0;32m  OK  [0m] Stopped target Network.
         Stopping Network Name Resolution...
[[0;32m  OK  [0m] Stopped LXD - container startup/shutdown.
[[0;32m  OK  [0m] Stopped Network Name Resolution.
[[0;32m  OK  [0m] Stopped LSB: Record successful boot for GRUB.
[[0;32m  OK  [0m] Stopped LSB: automatic crash report generation.
[[0;32m  OK  [0m] Stopped target Remote File Systems.
[[0;32m  OK  [0m] Stopped target Remote File Systems (Pre).
         Stopping Network Service...
[[0;32m  OK  [0m] Stopped Login Service.
[[0;32m  OK  [0m] Stopped target User and Group Name Lookups.
[[0;32m  OK  [0m] Stopped Network Service.
[[0;32m  OK  [0m] Stopped target Network (Pre).
[[0;32m  OK  [0m] Stopped vboxadd-service.service.
         Stopping vboxadd.service...
[[0;32m  OK  [0m] Unmounted /vagrant.
[[0;32m  OK  [0m] Stopped vboxadd.service.
[[0;32m  OK  [0m] Stopped target Basic System.
[[0;32m  OK  [0m] Stopped target Paths.
[[0;32m  OK  [0m] Stopped ACPI Events Check.
[[0;32m  OK  [0m] Stopped target Slices.
[[0;32m  OK  [0m] Removed slice User and Session Slice.
[[0;32m  OK  [0m] Stopped target Sockets.
[[0;32m  OK  [0m] Closed ACPID Listen Socket.
[[0;32m  OK  [0m] Closed Syslog Socket.
[[0;32m  OK  [0m] Closed D-Bus System Message Bus Socket.
[[0;32m  OK  [0m] Closed Socket activation for snappy daemon.
[[0;32m  OK  [0m] Closed Open-iSCSI iscsid Socket.
[[0;32m  OK  [0m] Closed LXD - unix socket.
[[0;32m  OK  [0m] Closed UUID daemon activation socket.
[[0;32m  OK  [0m] Stopped target System Initialization.
[[0;32m  OK  [0m] Stopped Apply Kernel Variables.
         Stopping Update UTMP about System Boot/Shutdown...
[[0;32m  OK  [0m] Stopped Load Kernel Modules.
[[0;32m  OK  [0m] Stopped Initial cloud-init job (metadata service crawler).
[[0;32m  OK  [0m] Stopped Initial cloud-init job (pre-networking).
         Stopping Load/Save Random Seed...
[[0;32m  OK  [0m] Stopped target Local Encrypted Volumes.
[[0;32m  OK  [0m] Stopped Dispatch Password Requests to Console Directory Watch.
[[0;32m  OK  [0m] Stopped Forward Password Requests to Wall Directory Watch.
[[0;32m  OK  [0m] Stopped Load/Save Random Seed.
[[0;32m  OK  [0m] Stopped Update UTMP about System Boot/Shutdown.
[[0;32m  OK  [0m] Stopped Create Volatile Files and Directories.
[[0;32m  OK  [0m] Stopped target Local File Systems.
         Unmounting /run/user/1000...
[[0;32m  OK  [0m] Unmounted /run/user/1000.
[[0;32m  OK  [0m] Reached target Unmount All Filesystems.
[[0;32m  OK  [0m] Stopped target Local File Systems (Pre).
[[0;32m  OK  [0m] Stopped Remount Root and Kernel File Systems.
[[0;32m  OK  [0m] Stopped Create Static Device Nodes in /dev.
         Stopping Monitoring of LVM2 mirrorsâ€¦ng dmeventd or progress polling...
[[0;32m  OK  [0m] Stopped target Swap.
[[0;32m  OK  [0m] Reached target Shutdown.
[[0;32m  OK  [0m] Reached target Final Step.
         Starting Power-Off...
[[0;32m  OK  [0m] Stopped Monitoring of LVM2 mirrors,â€¦sing dmeventd or progress polling.
         Stopping LVM2 metadata daemon...
[[0;32m  OK  [0m] Stopped LVM2 metadata daemon.
[24717.626819] reboot: Power down
